---
source: crates/oxc-coverage-reports/tests/snapshot.rs
expression: out
---
=============================== Coverage summary ===============================
Statements   : 40% ( 2/5 )
Branches     : 50% ( 1/2 )
Functions    : 100% ( 1/1 )
Lines        : 40% ( 2/5 )
================================================================================
