---
source: crates/oxc-coverage-reports/tests/snapshot.rs
expression: out
---
<?xml version="1.0" ?>
<!DOCTYPE coverage SYSTEM "http://cobertura.sourceforge.net/xml/coverage-04.dtd">
<coverage lines-valid="5" lines-covered="2" line-rate="0.4000" branches-valid="2" branches-covered="1" branch-rate="0.5000" timestamp="0" complexity="0" version="0.1">
  <sources>
    <source>.</source>
  </sources>
  <packages>
    <package name="src" line-rate="0.4000" branch-rate="0.5000">
      <classes>
        <class name="a.js" filename="src/a.js" line-rate="0.6667" branch-rate="0.5000">
          <methods>
            <method name="foo" hits="1" signature="()V" complexity="0">
              <lines>
                <line number="1" hits="1"/>
              </lines>
            </method>
          </methods>
          <lines>
            <line number="1" hits="1" branch="false"/>
            <line number="2" hits="1" branch="true" condition-coverage="50% (1/2)"/>
            <line number="4" hits="0" branch="false"/>
          </lines>
        </class>
        <class name="b.js" filename="src/b.js" line-rate="0.0000" branch-rate="0">
          <methods>
          </methods>
          <lines>
            <line number="1" hits="0" branch="false"/>
            <line number="3" hits="0" branch="false"/>
          </lines>
        </class>
      </classes>
    </package>
  </packages>
</coverage>
