---
source: crates/oxc_coverage_reports/tests/snapshot.rs
expression: out
---
--------------------------------------------------------------------------------------------------------------
File                                               | % Stmts |% Branch | % Funcs | % Lines | Uncovered Line #s
--------------------------------------------------------------------------------------------------------------
All files                                          |   40.00 |   50.00 |  100.00 |   40.00 | 
 a.js                                              |   66.67 |   50.00 |  100.00 |   66.67 | 4
 b.js                                              |    0.00 |  100.00 |  100.00 |    0.00 | 1,3
--------------------------------------------------------------------------------------------------------------
